------------------------------------------------------------
Timing Analyzer Summary
------------------------------------------------------------

Type  : Slow 1200mV 85C Model Setup '50MHzClk'
Slack : 14.333
TNS   : 0.000

Type  : Slow 1200mV 85C Model Setup 'processorClock'
Slack : 480.466
TNS   : 0.000

Type  : Slow 1200mV 85C Model Hold 'processorClock'
Slack : 0.385
TNS   : 0.000

Type  : Slow 1200mV 85C Model Hold '50MHzClk'
Slack : 0.402
TNS   : 0.000

Type  : Slow 1200mV 85C Model Minimum Pulse Width '50MHzClk'
Slack : 9.682
TNS   : 0.000

Type  : Slow 1200mV 85C Model Minimum Pulse Width 'processorClock'
Slack : 249.674
TNS   : 0.000

Type  : Slow 1200mV 0C Model Setup '50MHzClk'
Slack : 14.723
TNS   : 0.000

Type  : Slow 1200mV 0C Model Setup 'processorClock'
Slack : 481.836
TNS   : 0.000

Type  : Slow 1200mV 0C Model Hold '50MHzClk'
Slack : 0.353
TNS   : 0.000

Type  : Slow 1200mV 0C Model Hold 'processorClock'
Slack : 0.381
TNS   : 0.000

Type  : Slow 1200mV 0C Model Minimum Pulse Width '50MHzClk'
Slack : 9.691
TNS   : 0.000

Type  : Slow 1200mV 0C Model Minimum Pulse Width 'processorClock'
Slack : 249.690
TNS   : 0.000

Type  : Fast 1200mV 0C Model Setup '50MHzClk'
Slack : 16.736
TNS   : 0.000

Type  : Fast 1200mV 0C Model Setup 'processorClock'
Slack : 489.362
TNS   : 0.000

Type  : Fast 1200mV 0C Model Hold 'processorClock'
Slack : 0.150
TNS   : 0.000

Type  : Fast 1200mV 0C Model Hold '50MHzClk'
Slack : 0.181
TNS   : 0.000

Type  : Fast 1200mV 0C Model Minimum Pulse Width '50MHzClk'
Slack : 9.267
TNS   : 0.000

Type  : Fast 1200mV 0C Model Minimum Pulse Width 'processorClock'
Slack : 249.710
TNS   : 0.000

------------------------------------------------------------
